MSBUILD : error MSB1009: Project file does not exist.
Switch: TifSnippetApp/TifSnippetApp.sln

Workload updates are available. Run `dotnet workload list` for more information.
